[cell  0] RUN  # TRAC-Phish — Revision 8 — FULL-SCALE EXECUTION (parent RSS 101 MB)
[cell  0] DONE # TRAC-Phish — Revision 8 — FULL-SCALE EXECUTION (0.0s)
[cell  1] RUN  # ============ CELL: ENVIRONMENT & RUN-MODE ENFORCEMENT ======== (parent RSS 101 MB)
[cell  1] DONE # ============ CELL: ENVIRONMENT & RUN-MODE ENFORCEMENT ======== (2.9s)
[cell  2] RUN  # ============ CELL: CONFIGURATION, PATHS, A-PRIORI GATE THRESHO (parent RSS 101 MB)
[cell  2] DONE # ============ CELL: CONFIGURATION, PATHS, A-PRIORI GATE THRESHO (0.0s)
[cell  3] RUN  # ============ CELL: CHECKPOINT SYSTEM (mode/schema/dataset comp (parent RSS 101 MB)
[cell  3] DONE # ============ CELL: CHECKPOINT SYSTEM (mode/schema/dataset comp (0.0s)
[cell  4] RUN  # ============ CELL: [A07] DATASET AUDIT (full corpora) ======== (parent RSS 101 MB)
[cell  4] DONE # ============ CELL: [A07] DATASET AUDIT (full corpora) ======== (0.6s)
[cell  5] RUN  # ============ CELL: [A08] CLEANING (structural only; ledger kep (parent RSS 101 MB)
[cell  5] DONE # ============ CELL: [A08] CLEANING (structural only; ledger kep (3.2s)
[cell  6] RUN  # ============ CELL: [A09] LEAKAGE / OVERLAP ANALYSIS ========== (parent RSS 101 MB)
[cell  6] DONE # ============ CELL: [A09] LEAKAGE / OVERLAP ANALYSIS ========== (5.1s)
[cell  7] RUN  # ============ CELL: [A10] PARTITIONING (stratified 90/10 train/ (parent RSS 101 MB)
[cell  7] DONE # ============ CELL: [A10] PARTITIONING (stratified 90/10 train/ (1.3s)
[cell  8] RUN  # ============ CELL: [A11] LEXICAL FEATURE EXTRACTION (full scal (parent RSS 101 MB)
[cell  8] DONE # ============ CELL: [A11] LEXICAL FEATURE EXTRACTION (full scal (0.7s)
[cell  9] RUN  # ============ CELL: [A12] CHAR N-GRAM TF-IDF (two-stage vocab,  (parent RSS 101 MB)
[cell  9] DONE # ============ CELL: [A12] CHAR N-GRAM TF-IDF (two-stage vocab,  (3.9s)
[cell 10] RUN  # ============ CELL: [A13] REPRESENTATION ANALYSIS ============ (parent RSS 101 MB)
[cell 10] DONE # ============ CELL: [A13] REPRESENTATION ANALYSIS ============ (5.8s)
[cell 11] RUN  def clf_metrics(y_true, y_pred, score=None, prefix=""): (parent RSS 101 MB)
[cell 11] DONE def clf_metrics(y_true, y_pred, score=None, prefix=""): (0.1s)
[cell 12] RUN  # ============ CELL: [A15] N-GRAM MODEL TRAINING (LogReg-saga /  (parent RSS 101 MB)
[cell 12] DONE # ============ CELL: [A15] N-GRAM MODEL TRAINING (LogReg-saga /  (1.7s)
[cell 13] RUN  # ============ CELL: [A16] LEXICAL-FEATURE MODELS (HistGB + MLP) (parent RSS 101 MB)
[cell 13] DONE # ============ CELL: [A16] LEXICAL-FEATURE MODELS (HistGB + MLP) (2.6s)
[cell 14] RUN  # ============ CELL: [A17] MODEL SELECTION (decision made on VAL (parent RSS 101 MB)
[cell 14] DONE # ============ CELL: [A17] MODEL SELECTION (decision made on VAL (0.0s)
[cell 15] RUN  # ============ CELL: [A18] MAIN TEST EVALUATION (GB test — touch (parent RSS 101 MB)
[cell 15] DONE # ============ CELL: [A18] MAIN TEST EVALUATION (GB test — touch (12.1s)
[cell 16] RUN  # ============ CELL: [A19] TRANSFER — PHRESHPHISH 2026 ZERO-SHOT (parent RSS 101 MB)
[cell 16] DONE # ============ CELL: [A19] TRANSFER — PHRESHPHISH 2026 ZERO-SHOT (24.0s)
[cell 17] RUN  # ============ CELL: [A20] ROBUSTNESS — PERTURBATION SUITE ===== (parent RSS 101 MB)
[cell 17] DONE # ============ CELL: [A20] ROBUSTNESS — PERTURBATION SUITE ===== (37.4s)
[cell 18] RUN  # ============ CELL: [A21] CALIBRATION (Platt / isotonic fit on  (parent RSS 101 MB)
[cell 18] DONE # ============ CELL: [A21] CALIBRATION (Platt / isotonic fit on  (0.7s)
[cell 19] RUN  # ============ CELL: [A22] SHAP / XAI — GLOBAL + LOCAL EXPLANATI (parent RSS 101 MB)
[cell 19] DONE # ============ CELL: [A22] SHAP / XAI — GLOBAL + LOCAL EXPLANATI (19.6s)
[cell 20] RUN  # ============ CELL: [A23] EXPLANATION STABILITY -> ERS ======== (parent RSS 101 MB)
[cell 20] DONE # ============ CELL: [A23] EXPLANATION STABILITY -> ERS ======== (6.4s)
[cell 21] RUN  # ============ CELL: [A24] DTS — DECISION TRUST SCORE ========== (parent RSS 101 MB)
[cell 21] DONE # ============ CELL: [A24] DTS — DECISION TRUST SCORE ========== (0.2s)
[cell 22] RUN  # ============ CELL: STATISTICAL TESTING (bootstrap CIs, McNemar (parent RSS 101 MB)
[cell 22] DONE # ============ CELL: STATISTICAL TESTING (bootstrap CIs, McNemar (230.7s)
[cell 23] RUN  # ============ CELL: SANITY CHECKS (null test, determinism, part (parent RSS 101 MB)
[cell 23] DONE # ============ CELL: SANITY CHECKS (null test, determinism, part (5.7s)
[cell 24] RUN  # ============ CELL: PHASE GATES (a-priori thresholds, evaluated (parent RSS 101 MB)
[cell 24] DONE # ============ CELL: PHASE GATES (a-priori thresholds, evaluated (0.0s)
[cell 25] RUN  # ============ CELL: NEGATIVE-RESULT LEDGER (honest, no suppress (parent RSS 101 MB)
[cell 25] DONE # ============ CELL: NEGATIVE-RESULT LEDGER (honest, no suppress (0.0s)
[cell 26] RUN  # ============ CELL: CASE STUDIES (TP/FP/FN/TN + transfer errors (parent RSS 101 MB)
[cell 26] DONE # ============ CELL: CASE STUDIES (TP/FP/FN/TN + transfer errors (0.0s)
[cell 27] RUN  # ============ CELL: REPRODUCIBILITY REPORT ============ (parent RSS 101 MB)
[cell 27] DONE # ============ CELL: REPRODUCIBILITY REPORT ============ (0.0s)
[cell 28] RUN  # ============ CELL: TABLE EXPORT (CSV -> LaTeX) ============ (parent RSS 101 MB)
[cell 28] DONE # ============ CELL: TABLE EXPORT (CSV -> LaTeX) ============ (0.2s)
[cell 29] RUN  # ============ CELL: ARTIFACT MANIFEST + RUN MANIFEST ========== (parent RSS 101 MB)
[cell 29] DONE # ============ CELL: ARTIFACT MANIFEST + RUN MANIFEST ========== (2.7s)
[cell 30] RUN  # ============ CELL: NOTEBOOK SELF-VALIDATION ============ (parent RSS 101 MB)
[cell 30] DONE # ============ CELL: NOTEBOOK SELF-VALIDATION ============ (0.0s)
[cell 31] RUN  # ============ CELL: FINAL EXECUTIVE SUMMARY ============ (parent RSS 101 MB)
[cell 31] DONE # ============ CELL: FINAL EXECUTIVE SUMMARY ============ (0.0s)
executed notebook saved: /home/z/my-project/trac-phish-revision8_FULL_EXECUTED.ipynb (elapsed 371s)
code cells: 31 | executed: 31 | error outputs: 0
